// Jest Snapshot v1, https://goo.gl/fbAQLP

exports[`timeline renders all the attributes set 1`] = `"<blaze-timeline alternate=\\"\\" loading=\\"\\" class=\\"hydrated\\"><ol class=\\"hs-timeline hs-timeline--alternate hs-timeline--loading\\"><blaze-timeline-item left=\\"\\" type=\\"brand\\" class=\\"hydrated\\"><li class=\\"hs-timeline-item hs-timeline-item--brand hs-timeline-item--left\\"><div class=\\"hs-timeline-item__body\\">Item 1</div></li></blaze-timeline-item><blaze-timeline-item last=\\"\\" class=\\"hydrated\\"><li class=\\"hs-timeline-item hs-timeline-item--last\\"><div class=\\"hs-timeline-item__body\\">Item 2</div></li></blaze-timeline-item><blaze-timeline-item loading=\\"\\" class=\\"hydrated\\"><li class=\\"hs-timeline-item hs-timeline-item--loading\\"><div class=\\"hs-timeline-item__body\\">Item 3</div></li></blaze-timeline-item></ol></blaze-timeline>"`;

exports[`timeline renders with items 1`] = `"<blaze-timeline class=\\"hydrated\\"><ol class=\\"hs-timeline\\"><blaze-timeline-item class=\\"hydrated\\"><li class=\\"hs-timeline-item\\"><div class=\\"hs-timeline-item__body\\">Item 1</div></li></blaze-timeline-item><blaze-timeline-item class=\\"hydrated\\"><li class=\\"hs-timeline-item\\"><div class=\\"hs-timeline-item__body\\">Item 2</div></li></blaze-timeline-item><blaze-timeline-item class=\\"hydrated\\"><li class=\\"hs-timeline-item\\"><div class=\\"hs-timeline-item__body\\">Item 3</div></li></blaze-timeline-item></ol></blaze-timeline>"`;

exports[`timeline renders without items 1`] = `"<blaze-timeline class=\\"hydrated\\"><ol class=\\"hs-timeline\\"></ol></blaze-timeline>"`;
