// Jest Snapshot v1, https://goo.gl/fbAQLP

exports[`button renders a colored button 1`] = `"<hs-button type=\\"info\\" class=\\"hydrated\\"><button class=\\"hs-button hs-button--info\\">Action</button></hs-button>"`;

exports[`button renders a colored ghost button 1`] = `"<hs-button ghost=\\"\\" type=\\"info\\" class=\\"hydrated\\"><button class=\\"hs-button hs-button--ghost-info\\">Action</button></hs-button>"`;

exports[`button renders a default button 1`] = `"<hs-button class=\\"hydrated\\"><button class=\\"hs-button\\">Action</button></hs-button>"`;

exports[`button renders a full-width button 1`] = `"<hs-button full=\\"\\" class=\\"hydrated\\"><button class=\\"hs-button hs-button--block\\">Action</button></hs-button>"`;

exports[`button renders a ghost button 1`] = `"<hs-button ghost=\\"\\" class=\\"hydrated\\"><button class=\\"hs-button hs-button--ghost\\">Action</button></hs-button>"`;

exports[`button renders a rounded button 1`] = `"<hs-button rounded=\\"\\" class=\\"hydrated\\"><button class=\\"hs-button hs-button--rounded\\">Action</button></hs-button>"`;

exports[`button renders a rounded ghost button 1`] = `"<hs-button rounded=\\"\\" ghost=\\"\\" class=\\"hydrated\\"><button class=\\"hs-button hs-button--ghost hs-button--rounded\\">Action</button></hs-button>"`;

exports[`button renders a sized button 1`] = `"<hs-button size=\\"small\\" class=\\"hydrated\\"><button class=\\"hs-button u-small\\">Action</button></hs-button>"`;

exports[`button renders an a button 1`] = `"<hs-button href=\\"nowhere.com\\" value=\\"Action\\" class=\\"hydrated\\"><a href=\\"nowhere.com\\" class=\\"hs-button\\"></a></hs-button>"`;

exports[`button renders an active button 1`] = `"<hs-button active=\\"\\" class=\\"hydrated\\"><button class=\\"hs-button hs-button--active\\">Action</button></hs-button>"`;
