// Jest Snapshot v1, https://goo.gl/fbAQLP

exports[`avatar renders 2 images 1`] = `"<hs-avatar src=\\"my-test-image.png\\" src2=\\"my-second-test-image.png\\" class=\\"hydrated\\"><div class=\\"hs-avatar\\"><img class=\\"hs-avatar__img\\" src=\\"my-test-image.png\\"></div></hs-avatar>"`;

exports[`avatar renders an image 1`] = `"<hs-avatar src=\\"my-test-image.png\\" class=\\"hydrated\\"><div class=\\"hs-avatar\\"><img class=\\"hs-avatar__img\\" src=\\"my-test-image.png\\"></div></hs-avatar>"`;

exports[`avatar renders correctly sized circles 1`] = `"<hs-avatar size=\\"super\\" text=\\"GP\\" class=\\"hydrated\\"><div class=\\"hs-avatar u-super\\" data-text=\\"GP\\"></div></hs-avatar>"`;

exports[`avatar renders images, text and sizes it correctly 1`] = `"<hs-avatar src=\\"my-test-image.png\\" src2=\\"my-second-test-image.png\\" size=\\"super\\" text=\\"GP\\" class=\\"hydrated\\"><div class=\\"hs-avatar u-super\\" data-text=\\"GP\\"><img class=\\"hs-avatar__img\\" src=\\"my-test-image.png\\"></div></hs-avatar>"`;

exports[`avatar renders nothing if no attributes are set 1`] = `"<hs-avatar class=\\"hydrated\\"></hs-avatar>"`;

exports[`avatar renders text inside 1`] = `"<hs-avatar text=\\"GP\\" class=\\"hydrated\\"><div class=\\"hs-avatar\\" data-text=\\"GP\\"></div></hs-avatar>"`;
